face 0 grid_patch 0 0
face 1 grid_patch 0 1
face 2 grid_patch 0 2
face 3 grid_patch 0 3
face 4 grid_patch 0 4
face 5 grid_patch 1 0
face 6 grid_patch 1 1
face 7 grid_patch 1 2
face 8 grid_patch 1 3
face 9 grid_patch 1 4
face 10 grid_patch 2 0
face 11 grid_patch 2 1
face 12 grid_patch 2 2
face 13 grid_patch 2 3
face 14 grid_patch 2 4
face 15 grid_patch 0 0
face 16 grid_patch 0 1
face 17 grid_patch 0 2
face 18 grid_patch 0 3
face 19 grid_patch 0 4
face 20 grid_patch 1 0
face 21 grid_patch 1 1
face 22 grid_patch 1 2
face 23 grid_patch 1 3
face 24 grid_patch 1 4
face 25 grid_patch 2 0
face 26 grid_patch 2 1
face 27 grid_patch 2 2
face 28 grid_patch 2 3
face 29 grid_patch 2 4
face 30 grid_patch 0 0
face 31 grid_patch 2 0
face 32 grid_patch 0 1
face 33 grid_patch 2 1
face 34 grid_patch 0 2
face 35 grid_patch 2 2
face 36 grid_patch 0 3
face 37 grid_patch 2 3
face 38 grid_patch 0 4
face 39 grid_patch 2 4
face 40 grid_patch 0 0
face 41 grid_patch 0 4
face 42 grid_patch 1 0
face 43 grid_patch 1 4
face 44 grid_patch 2 0
face 45 grid_patch 2 4
