face 0 planar_face
face 1 planar_face
face 2 planar_face
face 3 planar_face
face 4 planar_face
face 5 planar_face
face 6 planar_face
face 7 planar_face
face 8 planar_face
face 9 planar_face
face 10 planar_face
face 11 planar_face
face 12 planar_face
face 13 planar_face
face 14 planar_face
face 15 planar_face
face 16 planar_face
face 17 planar_face
face 18 planar_face
face 19 planar_face
face 20 planar_face
face 21 planar_face
face 22 planar_face
face 23 planar_face
face 24 planar_face
face 25 planar_face
face 26 planar_face
face 27 planar_face
face 28 planar_face
face 29 planar_face
face 30 planar_face
face 31 planar_face
face 32 planar_face
face 33 planar_face
face 34 planar_face
face 35 planar_face
face 36 planar_face
face 37 planar_face
face 38 planar_face
face 39 planar_face
face 40 planar_face
face 41 planar_face
face 42 planar_face
face 43 planar_face
face 44 planar_face
face 45 planar_face
face 46 planar_face
face 47 planar_face
face 48 planar_face
face 49 planar_face
face 50 planar_face
face 51 planar_face
face 52 planar_face
face 53 planar_face
face 54 planar_face
face 55 planar_face
