face 0 wall 0 0
face 1 wall 0 1
face 2 wall 0 1
face 3 wall 0 1
face 4 wall 0 1
face 5 wall 0 1
face 6 wall 0 1
face 7 wall 0 1
face 8 wall 0 1
face 9 wall 0 1
face 10 wall 0 1
face 11 wall 0 1
face 12 wall 0 1
face 13 wall 0 1
face 14 wall 0 1
face 15 wall 0 1
face 16 wall 0 1
face 17 wall 0 1
face 18 wall 0 1
face 19 wall 0 1
face 20 wall 0 1
face 21 wall 0 1
face 22 wall 0 1
face 23 wall 0 1
face 24 wall 0 1
face 25 wall 0 1
face 26 wall 0 1
face 27 wall 0 1
face 28 wall 0 1
face 29 wall 0 1
face 30 wall 0 1
face 31 wall 0 1
face 32 wall 0 1
face 33 wall 0 1
face 34 wall 0 1
face 35 wall 0 1
face 36 wall 0 1
face 37 wall 0 1
face 38 wall 0 1
face 39 wall 0 1
face 40 wall 0 1
face 41 wall 0 2
face 42 wall 0 3
face 43 wall 0 3
face 44 wall 0 3
face 45 wall 0 3
face 46 wall 0 3
face 47 wall 0 3
face 48 wall 0 3
face 49 wall 0 3
face 50 wall 0 3
face 51 wall 0 3
face 52 wall 0 3
face 53 wall 0 3
face 54 wall 0 3
face 55 wall 0 3
face 56 wall 0 3
face 57 wall 0 3
face 58 wall 0 3
face 59 wall 0 3
face 60 wall 0 3
face 61 wall 0 3
face 62 wall 0 3
face 63 wall 0 3
face 64 wall 0 3
face 65 wall 0 3
face 66 wall 0 3
face 67 wall 0 3
face 68 wall 0 3
face 69 wall 0 3
face 70 wall 0 3
face 71 wall 0 3
face 72 wall 0 3
face 73 wall 0 3
face 74 wall 0 3
face 75 wall 0 3
face 76 wall 0 3
face 77 wall 0 3
face 78 wall 0 3
face 79 wall 0 3
face 80 wall 0 3
face 81 wall 0 3
face 82 wall 0 4
face 83 wall 0 5
face 84 wall 0 5
face 85 wall 0 5
face 86 wall 0 5
face 87 wall 0 5
face 88 wall 0 5
face 89 wall 0 5
face 90 wall 0 5
face 91 wall 0 5
face 92 wall 0 5
face 93 wall 0 5
face 94 wall 0 5
face 95 wall 0 5
face 96 wall 0 5
face 97 wall 0 5
face 98 wall 0 5
face 99 wall 0 5
face 100 wall 0 5
face 101 wall 0 5
face 102 wall 0 5
face 103 wall 0 5
face 104 wall 0 5
face 105 wall 0 5
face 106 wall 0 5
face 107 wall 0 5
face 108 wall 0 5
face 109 wall 0 5
face 110 wall 0 5
face 111 wall 0 5
face 112 wall 0 5
face 113 wall 0 5
face 114 wall 0 5
face 115 wall 0 5
face 116 wall 0 5
face 117 wall 0 5
face 118 wall 0 5
face 119 wall 0 5
face 120 wall 0 5
face 121 wall 0 5
face 122 wall 0 5
face 123 wall 0 6
face 124 wall 0 7
face 125 wall 0 7
face 126 wall 0 7
face 127 wall 0 7
face 128 wall 0 7
face 129 wall 0 7
face 130 wall 0 7
face 131 wall 0 7
face 132 wall 0 7
face 133 wall 0 7
face 134 wall 0 7
face 135 wall 0 7
face 136 wall 0 7
face 137 wall 0 7
face 138 wall 0 7
face 139 wall 0 7
face 140 wall 0 7
face 141 wall 0 7
face 142 wall 0 7
face 143 wall 0 7
face 144 wall 0 7
face 145 wall 0 7
face 146 wall 0 7
face 147 wall 0 7
face 148 wall 0 7
face 149 wall 0 7
face 150 wall 0 7
face 151 wall 0 7
face 152 wall 0 7
face 153 wall 0 7
face 154 wall 0 7
face 155 wall 0 7
face 156 wall 0 7
face 157 wall 0 7
face 158 wall 0 7
face 159 wall 0 7
face 160 wall 0 7
face 161 wall 0 7
face 162 wall 0 7
face 163 wall 0 7
face 164 cap_start
face 165 cap_end
